{
    "summary": {
        "content": [
            {
                "0": [
                    [
                        {
                            "id": "test"
                        },
                        "test.tsv:md5,462aa9608de3cbadc17a7e9141db12c3"
                    ]
                ],
                "1": [
                    "versions.yml:md5,b6e8fc68eadc183c1f8dbec9e48d79b5"
                ],
                "tsv": [
                    [
                        {
                            "id": "test"
                        },
                        "test.tsv:md5,462aa9608de3cbadc17a7e9141db12c3"
                    ]
                ],
                "versions": [
                    "versions.yml:md5,b6e8fc68eadc183c1f8dbec9e48d79b5"
                ]
            }
        ],
        "meta": {
            "nf-test": "0.9.0",
            "nextflow": "24.04.4"
        },
        "timestamp": "2024-09-05T14:31:16.068475"
    }
}